Testing email service...
EMAIL_USER: emailtdhms@gmail.com
ADMIN_EMAIL: rishe8080s@gmail.com
EMAIL_API_URL: https://script.google.com/macros/s/AKfycbylFPo0sT_LmO-FIbiGG2A1fK2cOFDFAIkUq8uEyTzBkJeD6qcoFC5yAxI4cgUiL6XX/exec
≡ƒôº Sending email via HTTP API Relay...
Γ£à Order email sent via API Relay to rishe8080s@gmail.com
Test completed via function call
